******************************************************************************
                  TI ARM Linker PC v18.1.3                     
******************************************************************************
>> Linked Sun Dec 23 16:12:45 2018

OUTPUT FILE NAME:   <lab3.out>
ENTRY POINT SYMBOL: "_c_int00_noargs"  address: 00000691


MEMORY CONFIGURATION

         name            origin    length      used     unused   attr    fill
----------------------  --------  ---------  --------  --------  ----  --------
  FLASH                 00000000   00040000  00000784  0003f87c  R  X
  SRAM                  20000000   00008000  00000201  00007dff  RW X


SEGMENT ALLOCATION MAP

run origin  load origin   length   init length attrs members
----------  ----------- ---------- ----------- ----- -------
00000000    00000000    00000788   00000788    r-x
  00000000    00000000    0000026c   0000026c    r-- .intvecs
  0000026c    0000026c    00000500   00000500    r-x .text
  00000770    00000770    00000018   00000018    r-- .cinit
20000000    20000000    00000201   00000000    rw-
  20000000    20000000    00000200   00000000    rw- .stack
  20000200    20000200    00000001   00000000    rw- .data


SECTION ALLOCATION MAP

 output                                  attributes/
section   page    origin      length       input sections
--------  ----  ----------  ----------   ----------------
.intvecs   0    00000000    0000026c     
                  00000000    0000026c     tm4c123gh6pm_startup_ccs.obj (.intvecs)

.text      0    0000026c    00000500     
                  0000026c    00000132     driverlib.lib : gpio.obj (.text:GPIOPadConfigSet)
                  0000039e    00000002     --HOLE-- [fill = 0]
                  000003a0    000000f4                   : sysctl.obj (.text:SysCtlClockSet)
                  00000494    000000b4     Lab03-T02b.obj (.text)
                  00000548    0000009c     rtsv7M4_T_le_v4SPD16_eabi.lib : memcpy_t2.asm.obj (.text)
                  000005e4    00000068                                   : copy_decompress_lzss.c.obj (.text:decompress:lzss:__TI_decompress_lzss)
                  0000064c    00000044                                   : autoinit.c.obj (.text:__TI_auto_init_nobinit_nopinit:__TI_auto_init_nobinit_nopinit)
                  00000690    00000038                                   : boot_cortex_m.c.obj (.text:_c_int00_noargs:_c_int00_noargs)
                  000006c8    00000034     driverlib.lib : sysctl.obj (.text:SysCtlPeripheralEnable)
                  000006fc    0000002a                   : gpio.obj (.text:GPIODirModeSet)
                  00000726    00000018                   : gpio.obj (.text:GPIOPinTypeGPIOOutput)
                  0000073e    0000000e     rtsv7M4_T_le_v4SPD16_eabi.lib : copy_decompress_none.c.obj (.text:decompress:none:__TI_decompress_none)
                  0000074c    0000000c     tm4c123gh6pm_startup_ccs.obj (.text)
                  00000758    00000006     driverlib.lib : gpio.obj (.text:GPIOPinWrite)
                  0000075e    00000006                   : sysctl.obj (.text:SysCtlDelay)
                  00000764    00000004     rtsv7M4_T_le_v4SPD16_eabi.lib : pre_init.c.obj (.text:_system_pre_init)
                  00000768    00000004                                   : exit.c.obj (.text:abort:abort)

.cinit     0    00000770    00000018     
                  00000770    00000008     (__TI_handler_table)
                  00000778    00000005     (.cinit..data.load) [load image, compression = lzss]
                  0000077d    00000003     --HOLE-- [fill = 0]
                  00000780    00000008     (__TI_cinit_table)

.init_array 
*          0    00000000    00000000     UNINITIALIZED

.data      0    20000200    00000001     UNINITIALIZED
                  20000200    00000001     Lab03-T02b.obj (.data)

.stack     0    20000000    00000200     UNINITIALIZED
                  20000000    00000004     rtsv7M4_T_le_v4SPD16_eabi.lib : boot_cortex_m.c.obj (.stack)
                  20000004    000001fc     --HOLE--

MODULE SUMMARY

       Module                         code   ro data   rw data
       ------                         ----   -------   -------
    .\
       tm4c123gh6pm_startup_ccs.obj   12     620       0      
       Lab03-T02b.obj                 180    0         1      
    +--+------------------------------+------+---------+---------+
       Total:                         192    620       1      
                                                              
    C:/ti/tivaware_c_series_2_1_4_178/driverlib/ccs/Debug/driverlib.lib
       gpio.obj                       378    0         0      
       sysctl.obj                     302    0         0      
    +--+------------------------------+------+---------+---------+
       Total:                         680    0         0      
                                                              
    C:\ti\ccsv8\tools\compiler\ti-cgt-arm_18.1.3.LTS\lib\rtsv7M4_T_le_v4SPD16_eabi.lib
       memcpy_t2.asm.obj              156    0         0      
       copy_decompress_lzss.c.obj     104    0         0      
       autoinit.c.obj                 68     0         0      
       boot_cortex_m.c.obj            56     0         0      
       copy_decompress_none.c.obj     14     0         0      
       exit.c.obj                     4      0         0      
       pre_init.c.obj                 4      0         0      
    +--+------------------------------+------+---------+---------+
       Total:                         406    0         0      
                                                              
       Stack:                         0      0         512    
       Linker Generated:              0      21        0      
    +--+------------------------------+------+---------+---------+
       Grand Total:                   1278   641       513    


LINKER GENERATED COPY TABLES

__TI_cinit_table @ 00000780 records: 1, size/record: 8, table size: 8
	.data: load addr=00000778, load size=00000005 bytes, run addr=20000200, run size=00000001 bytes, compression=lzss


LINKER GENERATED HANDLER TABLE

__TI_handler_table @ 00000770 records: 2, size/record: 4, table size: 8
	index: 0, handler: __TI_decompress_lzss
	index: 1, handler: __TI_decompress_none


GLOBAL SYMBOLS: SORTED ALPHABETICALLY BY Name 

address   name                          
-------   ----                          
00000769  C$$EXIT                       
000006fd  GPIODirModeSet                
0000026d  GPIOPadConfigSet              
00000727  GPIOPinTypeGPIOOutput         
00000759  GPIOPinWrite                  
0000074d  ResetISR                      
000003a1  SysCtlClockSet                
0000075f  SysCtlDelay                   
000006c9  SysCtlPeripheralEnable        
20000200  __STACK_END                   
00000200  __STACK_SIZE                  
20000200  __STACK_TOP                   
00000780  __TI_CINIT_Base               
00000788  __TI_CINIT_Limit              
00000770  __TI_Handler_Table_Base       
00000778  __TI_Handler_Table_Limit      
0000064d  __TI_auto_init_nobinit_nopinit
000005e5  __TI_decompress_lzss          
0000073f  __TI_decompress_none          
ffffffff  __TI_pprof_out_hndl           
ffffffff  __TI_prof_data_size           
ffffffff  __TI_prof_data_start          
00000000  __TI_static_base__            
00000549  __aeabi_memcpy                
00000549  __aeabi_memcpy4               
00000549  __aeabi_memcpy8               
ffffffff  __binit__                     
ffffffff  __c_args__                    
UNDEFED   __mpu_init                    
20000000  __stack                       
00000691  _c_int00_noargs               
UNDEFED   _system_post_cinit            
00000765  _system_pre_init              
00000769  abort                         
ffffffff  binit                         
00000000  g_pfnVectors                  
00000495  main                          
00000549  memcpy                        
20000200  ui8PinData                    


GLOBAL SYMBOLS: SORTED BY Symbol Address 

address   name                          
-------   ----                          
00000000  __TI_static_base__            
00000000  g_pfnVectors                  
00000200  __STACK_SIZE                  
0000026d  GPIOPadConfigSet              
000003a1  SysCtlClockSet                
00000495  main                          
00000549  __aeabi_memcpy                
00000549  __aeabi_memcpy4               
00000549  __aeabi_memcpy8               
00000549  memcpy                        
000005e5  __TI_decompress_lzss          
0000064d  __TI_auto_init_nobinit_nopinit
00000691  _c_int00_noargs               
000006c9  SysCtlPeripheralEnable        
000006fd  GPIODirModeSet                
00000727  GPIOPinTypeGPIOOutput         
0000073f  __TI_decompress_none          
0000074d  ResetISR                      
00000759  GPIOPinWrite                  
0000075f  SysCtlDelay                   
00000765  _system_pre_init              
00000769  C$$EXIT                       
00000769  abort                         
00000770  __TI_Handler_Table_Base       
00000778  __TI_Handler_Table_Limit      
00000780  __TI_CINIT_Base               
00000788  __TI_CINIT_Limit              
20000000  __stack                       
20000200  __STACK_END                   
20000200  __STACK_TOP                   
20000200  ui8PinData                    
ffffffff  __TI_pprof_out_hndl           
ffffffff  __TI_prof_data_size           
ffffffff  __TI_prof_data_start          
ffffffff  __binit__                     
ffffffff  __c_args__                    
ffffffff  binit                         
UNDEFED   __mpu_init                    
UNDEFED   _system_post_cinit            

[39 symbols]
