******************************************************************************
                  TI ARM Linker PC v18.1.3                     
******************************************************************************
>> Linked Mon Dec 24 10:31:32 2018

OUTPUT FILE NAME:   <lab5.out>
ENTRY POINT SYMBOL: "_c_int00_noinit_noargs"  address: 000005f5


MEMORY CONFIGURATION

         name            origin    length      used     unused   attr    fill
----------------------  --------  ---------  --------  --------  ----  --------
  FLASH                 00000000   00040000  00000758  0003f8a8  R  X
  SRAM                  20000000   00008000  00000200  00007e00  RW X


SEGMENT ALLOCATION MAP

run origin  load origin   length   init length attrs members
----------  ----------- ---------- ----------- ----- -------
00000000    00000000    00000758   00000758    r-x
  00000000    00000000    0000026c   0000026c    r-- .intvecs
  0000026c    0000026c    00000410   00000410    r-x .text
  0000067c    0000067c    000000dc   000000dc    r-- .const
20000000    20000000    00000200   00000000    rw-
  20000000    20000000    00000200   00000000    rw- .stack


SECTION ALLOCATION MAP

 output                                  attributes/
section   page    origin      length       input sections
--------  ----  ----------  ----------   ----------------
.intvecs   0    00000000    0000026c     
                  00000000    0000026c     T02-tm4c123gh6pm_startup_ccs.obj (.intvecs)

.text      0    0000026c    00000410     
                  0000026c    0000017c     Lab05-T02.obj (.text)
                  000003e8    00000110     driverlib.lib : sysctl.obj (.text:SysCtlClockGet)
                  000004f8    00000068                   : interrupt.obj (.text:IntEnable)
                  00000560    00000060                   : timer.obj (.text:TimerConfigure)
                  000005c0    00000034                   : sysctl.obj (.text:SysCtlPeripheralEnable)
                  000005f4    00000030     rtsv7M4_T_le_v4SPD16_eabi.lib : boot_cortex_m.c.obj (.text:_c_int00_noinit_noargs:_c_int00_noinit_noargs)
                  00000624    00000012     driverlib.lib : timer.obj (.text:TimerLoadSet)
                  00000636    00000010                   : interrupt.obj (.text:IntMasterEnable)
                  00000646    0000000e                   : timer.obj (.text:TimerEnable)
                  00000654    0000000c                   : cpu.obj (.text:CPUcpsie)
                  00000660    0000000c     T02-tm4c123gh6pm_startup_ccs.obj (.text)
                  0000066c    00000008     driverlib.lib : timer.obj (.text:TimerIntEnable)
                  00000674    00000004     rtsv7M4_T_le_v4SPD16_eabi.lib : pre_init.c.obj (.text:_system_pre_init)
                  00000678    00000004                                   : exit.c.obj (.text:abort:abort)

.const     0    0000067c    000000dc     
                  0000067c    00000070     driverlib.lib : interrupt.obj (.const)
                  000006ec    0000006c                   : sysctl.obj (.const:g_pui32Xtals)

.cinit     0    00000000    00000000     UNINITIALIZED

.init_array 
*          0    00000000    00000000     UNINITIALIZED

.stack     0    20000000    00000200     UNINITIALIZED
                  20000000    00000004     rtsv7M4_T_le_v4SPD16_eabi.lib : boot_cortex_m.c.obj (.stack)
                  20000004    000001fc     --HOLE--

MODULE SUMMARY

       Module                             code   ro data   rw data
       ------                             ----   -------   -------
    .\
       T02-tm4c123gh6pm_startup_ccs.obj   12     620       0      
       Lab05-T02.obj                      380    0         0      
    +--+----------------------------------+------+---------+---------+
       Total:                             392    620       0      
                                                                  
    C:/ti/tivaware_c_series_2_1_4_178/driverlib/ccs/Debug/driverlib.lib
       sysctl.obj                         324    108       0      
       interrupt.obj                      120    112       0      
       timer.obj                          136    0         0      
       cpu.obj                            12     0         0      
    +--+----------------------------------+------+---------+---------+
       Total:                             592    220       0      
                                                                  
    C:\ti\ccsv8\tools\compiler\ti-cgt-arm_18.1.3.LTS\lib\rtsv7M4_T_le_v4SPD16_eabi.lib
       boot_cortex_m.c.obj                48     0         0      
       exit.c.obj                         4      0         0      
       pre_init.c.obj                     4      0         0      
    +--+----------------------------------+------+---------+---------+
       Total:                             56     0         0      
                                                                  
       Stack:                             0      0         512    
    +--+----------------------------------+------+---------+---------+
       Grand Total:                       1040   840       512    


GLOBAL SYMBOLS: SORTED ALPHABETICALLY BY Name 

address   name                  
-------   ----                  
00000679  C$$EXIT               
00000655  CPUcpsie              
000004f9  IntEnable             
00000637  IntMasterEnable       
00000661  ResetISR              
000003e9  SysCtlClockGet        
000005c1  SysCtlPeripheralEnable
00000347  Timer1IntHandler      
00000561  TimerConfigure        
00000647  TimerEnable           
0000066d  TimerIntEnable        
00000625  TimerLoadSet          
20000200  __STACK_END           
00000200  __STACK_SIZE          
20000200  __STACK_TOP           
ffffffff  __TI_pprof_out_hndl   
ffffffff  __TI_prof_data_size   
ffffffff  __TI_prof_data_start  
00000000  __TI_static_base__    
ffffffff  __binit__             
ffffffff  __c_args__            
UNDEFED   __mpu_init            
20000000  __stack               
000005f5  _c_int00_noinit_noargs
00000675  _system_pre_init      
00000679  abort                 
ffffffff  binit                 
00000000  g_pfnVectors          
00000279  main                  
0000026d  void__error__         


GLOBAL SYMBOLS: SORTED BY Symbol Address 

address   name                  
-------   ----                  
00000000  __TI_static_base__    
00000000  g_pfnVectors          
00000200  __STACK_SIZE          
0000026d  void__error__         
00000279  main                  
00000347  Timer1IntHandler      
000003e9  SysCtlClockGet        
000004f9  IntEnable             
00000561  TimerConfigure        
000005c1  SysCtlPeripheralEnable
000005f5  _c_int00_noinit_noargs
00000625  TimerLoadSet          
00000637  IntMasterEnable       
00000647  TimerEnable           
00000655  CPUcpsie              
00000661  ResetISR              
0000066d  TimerIntEnable        
00000675  _system_pre_init      
00000679  C$$EXIT               
00000679  abort                 
20000000  __stack               
20000200  __STACK_END           
20000200  __STACK_TOP           
ffffffff  __TI_pprof_out_hndl   
ffffffff  __TI_prof_data_size   
ffffffff  __TI_prof_data_start  
ffffffff  __binit__             
ffffffff  __c_args__            
ffffffff  binit                 
UNDEFED   __mpu_init            

[30 symbols]
