******************************************************************************
                  TI ARM Linker PC v18.1.3                     
******************************************************************************
>> Linked Thu Dec 27 00:19:48 2018

OUTPUT FILE NAME:   <lab7.out>
ENTRY POINT SYMBOL: "_c_int00_noinit_noargs"  address: 00000b51


MEMORY CONFIGURATION

         name            origin    length      used     unused   attr    fill
----------------------  --------  ---------  --------  --------  ----  --------
  FLASH                 00000000   00040000  00000e20  0003f1e0  R  X
  SRAM                  20000000   00008000  00000200  00007e00  RW X


SEGMENT ALLOCATION MAP

run origin  load origin   length   init length attrs members
----------  ----------- ---------- ----------- ----- -------
00000000    00000000    00000e20   00000e20    r-x
  00000000    00000000    0000026c   0000026c    r-- .intvecs
  0000026c    0000026c    00000a48   00000a48    r-x .text
  00000cb4    00000cb4    0000016c   0000016c    r-- .const
20000000    20000000    00000200   00000000    rw-
  20000000    20000000    00000200   00000000    rw- .stack


SECTION ALLOCATION MAP

 output                                  attributes/
section   page    origin      length       input sections
--------  ----  ----------  ----------   ----------------
.intvecs   0    00000000    0000026c     
                  00000000    0000026c     T02-tm4c123gh6pm_startup_ccs.obj (.intvecs)

.text      0    0000026c    00000a48     
                  0000026c    000003b8     Lab07-T02.obj (.text)
                  00000624    00000132     driverlib.lib : gpio.obj (.text:GPIOPadConfigSet)
                  00000756    00000002     --HOLE-- [fill = 0]
                  00000758    00000110                   : sysctl.obj (.text:SysCtlClockGet)
                  00000868    000000f4                   : sysctl.obj (.text:SysCtlClockSet)
                  0000095c    00000068                   : interrupt.obj (.text:IntDisable)
                  000009c4    00000068                   : interrupt.obj (.text:IntEnable)
                  00000a2c    00000060                   : timer.obj (.text:TimerConfigure)
                  00000a8c    00000048                   : gpio.obj (.text:GPIOPinConfigure)
                  00000ad4    00000046                   : uart.obj (.text:UARTConfigSetExpClk)
                  00000b1a    00000002     --HOLE-- [fill = 0]
                  00000b1c    00000034                   : sysctl.obj (.text:SysCtlPeripheralEnable)
                  00000b50    00000030     rtsv7M4_T_le_v4SPD16_eabi.lib : boot_cortex_m.c.obj (.text:_c_int00_noinit_noargs:_c_int00_noinit_noargs)
                  00000b80    0000002a     driverlib.lib : gpio.obj (.text:GPIODirModeSet)
                  00000baa    00000002     --HOLE-- [fill = 0]
                  00000bac    00000020                   : uart.obj (.text:UARTDisable)
                  00000bcc    00000018                   : gpio.obj (.text:GPIOPinTypeGPIOOutput)
                  00000be4    00000018                   : timer.obj (.text:TimerDisable)
                  00000bfc    00000014                   : uart.obj (.text:UARTEnable)
                  00000c10    00000012                   : gpio.obj (.text:GPIOPinTypeUART)
                  00000c22    00000012                   : timer.obj (.text:TimerLoadSet)
                  00000c34    00000010                   : interrupt.obj (.text:IntMasterEnable)
                  00000c44    0000000e                   : timer.obj (.text:TimerEnable)
                  00000c52    0000000e                   : uart.obj (.text:UARTCharGetNonBlocking)
                  00000c60    0000000c                   : cpu.obj (.text:CPUcpsie)
                  00000c6c    0000000c     T02-tm4c123gh6pm_startup_ccs.obj (.text)
                  00000c78    0000000a     driverlib.lib : uart.obj (.text:UARTCharPut)
                  00000c82    0000000a                   : uart.obj (.text:UARTIntStatus)
                  00000c8c    00000008                   : timer.obj (.text:TimerIntEnable)
                  00000c94    00000008                   : uart.obj (.text:UARTIntEnable)
                  00000c9c    00000006                   : gpio.obj (.text:GPIOPinWrite)
                  00000ca2    00000006                   : sysctl.obj (.text:SysCtlDelay)
                  00000ca8    00000004                   : uart.obj (.text:UARTIntClear)
                  00000cac    00000004     rtsv7M4_T_le_v4SPD16_eabi.lib : pre_init.c.obj (.text:_system_pre_init)
                  00000cb0    00000004                                   : exit.c.obj (.text:abort:abort)

.const     0    00000cb4    0000016c     
                  00000cb4    00000090     driverlib.lib : gpio.obj (.const:g_pui32GPIOBaseAddrs)
                  00000d44    00000070                   : interrupt.obj (.const)
                  00000db4    0000006c                   : sysctl.obj (.const:g_pui32Xtals)

.cinit     0    00000000    00000000     UNINITIALIZED

.init_array 
*          0    00000000    00000000     UNINITIALIZED

.stack     0    20000000    00000200     UNINITIALIZED
                  20000000    00000004     rtsv7M4_T_le_v4SPD16_eabi.lib : boot_cortex_m.c.obj (.stack)
                  20000004    000001fc     --HOLE--

MODULE SUMMARY

       Module                             code   ro data   rw data
       ------                             ----   -------   -------
    .\
       Lab07-T02.obj                      952    0         0      
       T02-tm4c123gh6pm_startup_ccs.obj   12     620       0      
    +--+----------------------------------+------+---------+---------+
       Total:                             964    620       0      
                                                                  
    C:/ti/tivaware_c_series_2_1_4_178/driverlib/ccs/Debug/driverlib.lib
       sysctl.obj                         574    108       0      
       gpio.obj                           468    144       0      
       interrupt.obj                      224    112       0      
       uart.obj                           168    0         0      
       timer.obj                          160    0         0      
       cpu.obj                            12     0         0      
    +--+----------------------------------+------+---------+---------+
       Total:                             1606   364       0      
                                                                  
    C:\ti\ccsv8\tools\compiler\ti-cgt-arm_18.1.3.LTS\lib\rtsv7M4_T_le_v4SPD16_eabi.lib
       boot_cortex_m.c.obj                48     0         0      
       exit.c.obj                         4      0         0      
       pre_init.c.obj                     4      0         0      
    +--+----------------------------------+------+---------+---------+
       Total:                             56     0         0      
                                                                  
       Stack:                             0      0         512    
    +--+----------------------------------+------+---------+---------+
       Grand Total:                       2626   984       512    


GLOBAL SYMBOLS: SORTED ALPHABETICALLY BY Name 

address   name                  
-------   ----                  
00000cb1  C$$EXIT               
00000c61  CPUcpsie              
00000b81  GPIODirModeSet        
00000625  GPIOPadConfigSet      
00000a8d  GPIOPinConfigure      
00000bcd  GPIOPinTypeGPIOOutput 
00000c11  GPIOPinTypeUART       
00000c9d  GPIOPinWrite          
0000095d  IntDisable            
000009c5  IntEnable             
00000c35  IntMasterEnable       
00000c6d  ResetISR              
00000759  SysCtlClockGet        
00000869  SysCtlClockSet        
00000ca3  SysCtlDelay           
00000b1d  SysCtlPeripheralEnable
00000521  Timer1IntHandler      
00000a2d  TimerConfigure        
00000be5  TimerDisable          
00000c45  TimerEnable           
00000c8d  TimerIntEnable        
00000c23  TimerLoadSet          
00000c53  UARTCharGetNonBlocking
00000c79  UARTCharPut           
00000ad5  UARTConfigSetExpClk   
00000bad  UARTDisable           
00000bfd  UARTEnable            
00000ca9  UARTIntClear          
00000c95  UARTIntEnable         
0000026d  UARTIntHandler        
00000c83  UARTIntStatus         
20000200  __STACK_END           
00000200  __STACK_SIZE          
20000200  __STACK_TOP           
ffffffff  __TI_pprof_out_hndl   
ffffffff  __TI_prof_data_size   
ffffffff  __TI_prof_data_start  
00000000  __TI_static_base__    
ffffffff  __binit__             
ffffffff  __c_args__            
UNDEFED   __mpu_init            
20000000  __stack               
00000b51  _c_int00_noinit_noargs
00000cad  _system_pre_init      
00000cb1  abort                 
ffffffff  binit                 
00000000  g_pfnVectors          
00000403  main                  


GLOBAL SYMBOLS: SORTED BY Symbol Address 

address   name                  
-------   ----                  
00000000  __TI_static_base__    
00000000  g_pfnVectors          
00000200  __STACK_SIZE          
0000026d  UARTIntHandler        
00000403  main                  
00000521  Timer1IntHandler      
00000625  GPIOPadConfigSet      
00000759  SysCtlClockGet        
00000869  SysCtlClockSet        
0000095d  IntDisable            
000009c5  IntEnable             
00000a2d  TimerConfigure        
00000a8d  GPIOPinConfigure      
00000ad5  UARTConfigSetExpClk   
00000b1d  SysCtlPeripheralEnable
00000b51  _c_int00_noinit_noargs
00000b81  GPIODirModeSet        
00000bad  UARTDisable           
00000bcd  GPIOPinTypeGPIOOutput 
00000be5  TimerDisable          
00000bfd  UARTEnable            
00000c11  GPIOPinTypeUART       
00000c23  TimerLoadSet          
00000c35  IntMasterEnable       
00000c45  TimerEnable           
00000c53  UARTCharGetNonBlocking
00000c61  CPUcpsie              
00000c6d  ResetISR              
00000c79  UARTCharPut           
00000c83  UARTIntStatus         
00000c8d  TimerIntEnable        
00000c95  UARTIntEnable         
00000c9d  GPIOPinWrite          
00000ca3  SysCtlDelay           
00000ca9  UARTIntClear          
00000cad  _system_pre_init      
00000cb1  C$$EXIT               
00000cb1  abort                 
20000000  __stack               
20000200  __STACK_END           
20000200  __STACK_TOP           
ffffffff  __TI_pprof_out_hndl   
ffffffff  __TI_prof_data_size   
ffffffff  __TI_prof_data_start  
ffffffff  __binit__             
ffffffff  __c_args__            
ffffffff  binit                 
UNDEFED   __mpu_init            

[48 symbols]
