******************************************************************************
                  TI ARM Linker PC v18.1.3                     
******************************************************************************
>> Linked Sun Dec 23 16:09:11 2018

OUTPUT FILE NAME:   <lab4.out>
ENTRY POINT SYMBOL: "_c_int00_noinit_noargs"  address: 0000090d


MEMORY CONFIGURATION

         name            origin    length      used     unused   attr    fill
----------------------  --------  ---------  --------  --------  ----  --------
  FLASH                 00000000   00040000  00000b10  0003f4f0  R  X
  SRAM                  20000000   00008000  00000200  00007e00  RW X


SEGMENT ALLOCATION MAP

run origin  load origin   length   init length attrs members
----------  ----------- ---------- ----------- ----- -------
00000000    00000000    00000b10   00000b10    r-x
  00000000    00000000    0000026c   0000026c    r-- .intvecs
  0000026c    0000026c    000007c8   000007c8    r-x .text
  00000a34    00000a34    000000dc   000000dc    r-- .const
20000000    20000000    00000200   00000000    rw-
  20000000    20000000    00000200   00000000    rw- .stack


SECTION ALLOCATION MAP

 output                                  attributes/
section   page    origin      length       input sections
--------  ----  ----------  ----------   ----------------
.intvecs   0    00000000    0000026c     
                  00000000    0000026c     T02-tm4c123gh6pm_startup_ccs.obj (.intvecs)

.text      0    0000026c    000007c8     
                  0000026c    000001ac     Lab04-T02.obj (.text)
                  00000418    00000132     driverlib.lib : gpio.obj (.text:GPIOPadConfigSet)
                  0000054a    00000002     --HOLE-- [fill = 0]
                  0000054c    00000110                   : sysctl.obj (.text:SysCtlClockGet)
                  0000065c    000000f4                   : sysctl.obj (.text:SysCtlClockSet)
                  00000750    00000068                   : interrupt.obj (.text:IntDisable)
                  000007b8    00000068                   : interrupt.obj (.text:IntEnable)
                  00000820    00000060                   : timer.obj (.text:TimerConfigure)
                  00000880    00000056                   : gpio.obj (.text:GPIOIntTypeSet)
                  000008d6    00000002     --HOLE-- [fill = 0]
                  000008d8    00000034                   : sysctl.obj (.text:SysCtlPeripheralEnable)
                  0000090c    00000030     rtsv7M4_T_le_v4SPD16_eabi.lib : boot_cortex_m.c.obj (.text:_c_int00_noinit_noargs:_c_int00_noinit_noargs)
                  0000093c    0000002a     driverlib.lib : gpio.obj (.text:GPIODirModeSet)
                  00000966    00000018                   : gpio.obj (.text:GPIOPinTypeGPIOOutput)
                  0000097e    00000002     --HOLE-- [fill = 0]
                  00000980    00000018                   : timer.obj (.text:TimerDisable)
                  00000998    00000012                   : gpio.obj (.text:GPIOPinTypeGPIOInput)
                  000009aa    00000012                   : timer.obj (.text:TimerLoadSet)
                  000009bc    00000010                   : interrupt.obj (.text:IntMasterEnable)
                  000009cc    0000000e                   : timer.obj (.text:TimerEnable)
                  000009da    0000000c                   : cpu.obj (.text:CPUcpsie)
                  000009e6    0000000c                   : gpio.obj (.text:GPIOIntEnable)
                  000009f2    0000000c     T02-tm4c123gh6pm_startup_ccs.obj (.text)
                  000009fe    0000000a     driverlib.lib : timer.obj (.text:TimerIntDisable)
                  00000a08    00000008                   : timer.obj (.text:TimerIntEnable)
                  00000a10    00000006                   : gpio.obj (.text:GPIOIntClear)
                  00000a16    00000006                   : gpio.obj (.text:GPIOPinRead)
                  00000a1c    00000006                   : gpio.obj (.text:GPIOPinWrite)
                  00000a22    00000006                   : sysctl.obj (.text:SysCtlDelay)
                  00000a28    00000004                   : timer.obj (.text:TimerIntClear)
                  00000a2c    00000004     rtsv7M4_T_le_v4SPD16_eabi.lib : pre_init.c.obj (.text:_system_pre_init)
                  00000a30    00000004                                   : exit.c.obj (.text:abort:abort)

.const     0    00000a34    000000dc     
                  00000a34    00000070     driverlib.lib : interrupt.obj (.const)
                  00000aa4    0000006c                   : sysctl.obj (.const:g_pui32Xtals)

.cinit     0    00000000    00000000     UNINITIALIZED

.init_array 
*          0    00000000    00000000     UNINITIALIZED

.stack     0    20000000    00000200     UNINITIALIZED
                  20000000    00000004     rtsv7M4_T_le_v4SPD16_eabi.lib : boot_cortex_m.c.obj (.stack)
                  20000004    000001fc     --HOLE--

MODULE SUMMARY

       Module                             code   ro data   rw data
       ------                             ----   -------   -------
    .\
       T02-tm4c123gh6pm_startup_ccs.obj   12     620       0      
       Lab04-T02.obj                      428    0         0      
    +--+----------------------------------+------+---------+---------+
       Total:                             440    620       0      
                                                                  
    C:/ti/tivaware_c_series_2_1_4_178/driverlib/ccs/Debug/driverlib.lib
       sysctl.obj                         574    108       0      
       gpio.obj                           506    0         0      
       interrupt.obj                      224    112       0      
       timer.obj                          174    0         0      
       cpu.obj                            12     0         0      
    +--+----------------------------------+------+---------+---------+
       Total:                             1490   220       0      
                                                                  
    C:\ti\ccsv8\tools\compiler\ti-cgt-arm_18.1.3.LTS\lib\rtsv7M4_T_le_v4SPD16_eabi.lib
       boot_cortex_m.c.obj                48     0         0      
       exit.c.obj                         4      0         0      
       pre_init.c.obj                     4      0         0      
    +--+----------------------------------+------+---------+---------+
       Total:                             56     0         0      
                                                                  
       Stack:                             0      0         512    
    +--+----------------------------------+------+---------+---------+
       Grand Total:                       1986   840       512    


GLOBAL SYMBOLS: SORTED ALPHABETICALLY BY Name 

address   name                  
-------   ----                  
00000a31  C$$EXIT               
000009db  CPUcpsie              
0000093d  GPIODirModeSet        
00000a11  GPIOIntClear          
000009e7  GPIOIntEnable         
00000881  GPIOIntTypeSet        
00000419  GPIOPadConfigSet      
00000a17  GPIOPinRead           
00000999  GPIOPinTypeGPIOInput  
00000967  GPIOPinTypeGPIOOutput 
00000a1d  GPIOPinWrite          
00000751  IntDisable            
000007b9  IntEnable             
000009bd  IntMasterEnable       
0000035d  PortFIntHandler       
000009f3  ResetISR              
0000054d  SysCtlClockGet        
0000065d  SysCtlClockSet        
00000a23  SysCtlDelay           
000008d9  SysCtlPeripheralEnable
000002fd  Timer0IntHandler      
000003c5  Timer1IntHandler      
00000821  TimerConfigure        
00000981  TimerDisable          
000009cd  TimerEnable           
00000a29  TimerIntClear         
000009ff  TimerIntDisable       
00000a09  TimerIntEnable        
000009ab  TimerLoadSet          
20000200  __STACK_END           
00000200  __STACK_SIZE          
20000200  __STACK_TOP           
ffffffff  __TI_pprof_out_hndl   
ffffffff  __TI_prof_data_size   
ffffffff  __TI_prof_data_start  
00000000  __TI_static_base__    
ffffffff  __binit__             
ffffffff  __c_args__            
UNDEFED   __mpu_init            
20000000  __stack               
0000090d  _c_int00_noinit_noargs
00000a2d  _system_pre_init      
00000a31  abort                 
ffffffff  binit                 
00000000  g_pfnVectors          
0000026d  main                  


GLOBAL SYMBOLS: SORTED BY Symbol Address 

address   name                  
-------   ----                  
00000000  __TI_static_base__    
00000000  g_pfnVectors          
00000200  __STACK_SIZE          
0000026d  main                  
000002fd  Timer0IntHandler      
0000035d  PortFIntHandler       
000003c5  Timer1IntHandler      
00000419  GPIOPadConfigSet      
0000054d  SysCtlClockGet        
0000065d  SysCtlClockSet        
00000751  IntDisable            
000007b9  IntEnable             
00000821  TimerConfigure        
00000881  GPIOIntTypeSet        
000008d9  SysCtlPeripheralEnable
0000090d  _c_int00_noinit_noargs
0000093d  GPIODirModeSet        
00000967  GPIOPinTypeGPIOOutput 
00000981  TimerDisable          
00000999  GPIOPinTypeGPIOInput  
000009ab  TimerLoadSet          
000009bd  IntMasterEnable       
000009cd  TimerEnable           
000009db  CPUcpsie              
000009e7  GPIOIntEnable         
000009f3  ResetISR              
000009ff  TimerIntDisable       
00000a09  TimerIntEnable        
00000a11  GPIOIntClear          
00000a17  GPIOPinRead           
00000a1d  GPIOPinWrite          
00000a23  SysCtlDelay           
00000a29  TimerIntClear         
00000a2d  _system_pre_init      
00000a31  C$$EXIT               
00000a31  abort                 
20000000  __stack               
20000200  __STACK_END           
20000200  __STACK_TOP           
ffffffff  __TI_pprof_out_hndl   
ffffffff  __TI_prof_data_size   
ffffffff  __TI_prof_data_start  
ffffffff  __binit__             
ffffffff  __c_args__            
ffffffff  binit                 
UNDEFED   __mpu_init            

[46 symbols]
