******************************************************************************
                  TI ARM Linker PC v18.1.3                     
******************************************************************************
>> Linked Wed Jan 16 05:43:24 2019

OUTPUT FILE NAME:   <lab9.out>
ENTRY POINT SYMBOL: "_c_int00_noargs"  address: 000009e1


MEMORY CONFIGURATION

         name            origin    length      used     unused   attr    fill
----------------------  --------  ---------  --------  --------  ----  --------
  FLASH                 00000000   00040000  00000adc  0003f524  R  X
  SRAM                  20000000   00008000  00005024  00002fdc  RW X


SEGMENT ALLOCATION MAP

run origin  load origin   length   init length attrs members
----------  ----------- ---------- ----------- ----- -------
00000000    00000000    00000ae0   00000ae0    r-x
  00000000    00000000    0000026c   0000026c    r-- .intvecs
  0000026c    0000026c    00000840   00000840    r-x .text
  00000ab0    00000ab0    00000030   00000030    r-- .cinit
20000000    20000000    00005024   00000000    rw-
  20000000    20000000    00004e20   00000000    rw- .bss
  20004e20    20004e20    00000200   00000000    rw- .stack
  20005020    20005020    00000004   00000000    rw- .data


SECTION ALLOCATION MAP

 output                                  attributes/
section   page    origin      length       input sections
--------  ----  ----------  ----------   ----------------
.intvecs   0    00000000    0000026c     
                  00000000    0000026c     tm4c123gh6pm_startup_ccs.obj (.intvecs)

.text      0    0000026c    00000840     
                  0000026c    000001b6     rtsv7M4_T_le_v4SPD16_eabi.lib : fd_add_t2.asm.obj (.text)
                  00000422    00000002     --HOLE-- [fill = 0]
                  00000424    00000138     Lab09-T02.obj (.text)
                  0000055c    000000fc     rtsv7M4_T_le_v4SPD16_eabi.lib : fd_mul_t2.asm.obj (.text)
                  00000658    000000b4                                   : s_cosf.c.obj (.text:cosf)
                  0000070c    000000a4                                   : s_sinf.c.obj (.text:sinf)
                  000007b0    0000009c                                   : memcpy_t2.asm.obj (.text)
                  0000084c    0000007a                                   : memset_t2.asm.obj (.text)
                  000008c6    0000006e                                   : fd_tos_t2.asm.obj (.text)
                  00000934    00000068                                   : copy_decompress_lzss.c.obj (.text:decompress:lzss:__TI_decompress_lzss)
                  0000099c    00000044                                   : autoinit.c.obj (.text:__TI_auto_init_nobinit_nopinit:__TI_auto_init_nobinit_nopinit)
                  000009e0    00000038                                   : boot_cortex_m.c.obj (.text:_c_int00_noargs:_c_int00_noargs)
                  00000a18    00000038                                   : fs_tod_t2.asm.obj (.text)
                  00000a50    0000002e                                   : i_tofd_t2.asm.obj (.text)
                  00000a7e    0000000e                                   : copy_decompress_none.c.obj (.text:decompress:none:__TI_decompress_none)
                  00000a8c    0000000c                                   : copy_zero_init.c.obj (.text:decompress:ZI:__TI_zero_init)
                  00000a98    0000000c     tm4c123gh6pm_startup_ccs.obj (.text)
                  00000aa4    00000004     rtsv7M4_T_le_v4SPD16_eabi.lib : pre_init.c.obj (.text:_system_pre_init)
                  00000aa8    00000004                                   : exit.c.obj (.text:abort:abort)

.cinit     0    00000ab0    00000030     
                  00000ab0    0000000c     (__TI_handler_table)
                  00000abc    00000004     --HOLE-- [fill = 0]
                  00000ac0    00000008     (.cinit..bss.load) [load image, compression = zero_init]
                  00000ac8    00000007     (.cinit..data.load) [load image, compression = lzss]
                  00000acf    00000001     --HOLE-- [fill = 0]
                  00000ad0    00000010     (__TI_cinit_table)

.init_array 
*          0    00000000    00000000     UNINITIALIZED

.bss       0    20000000    00004e20     UNINITIALIZED
                  20000000    00004e20     (.common:gSeriesData)

.data      0    20005020    00000004     UNINITIALIZED
                  20005020    00000004     Lab09-T02.obj (.data)

.stack     0    20004e20    00000200     UNINITIALIZED
                  20004e20    00000004     rtsv7M4_T_le_v4SPD16_eabi.lib : boot_cortex_m.c.obj (.stack)
                  20004e24    000001fc     --HOLE--

MODULE SUMMARY

       Module                         code   ro data   rw data
       ------                         ----   -------   -------
    .\
       Lab09-T02.obj                  312    0         20004  
       tm4c123gh6pm_startup_ccs.obj   12     620       0      
    +--+------------------------------+------+---------+---------+
       Total:                         324    620       20004  
                                                              
    C:\ti\ccsv8\tools\compiler\ti-cgt-arm_18.1.3.LTS\lib\rtsv7M4_T_le_v4SPD16_eabi.lib
       fd_add_t2.asm.obj              438    0         0      
       fd_mul_t2.asm.obj              252    0         0      
       s_cosf.c.obj                   180    0         0      
       s_sinf.c.obj                   164    0         0      
       memcpy_t2.asm.obj              156    0         0      
       memset_t2.asm.obj              122    0         0      
       fd_tos_t2.asm.obj              110    0         0      
       copy_decompress_lzss.c.obj     104    0         0      
       autoinit.c.obj                 68     0         0      
       boot_cortex_m.c.obj            56     0         0      
       fs_tod_t2.asm.obj              56     0         0      
       i_tofd_t2.asm.obj              46     0         0      
       copy_decompress_none.c.obj     14     0         0      
       copy_zero_init.c.obj           12     0         0      
       exit.c.obj                     4      0         0      
       pre_init.c.obj                 4      0         0      
    +--+------------------------------+------+---------+---------+
       Total:                         1786   0         0      
                                                              
       Stack:                         0      0         512    
       Linker Generated:              0      43        0      
    +--+------------------------------+------+---------+---------+
       Grand Total:                   2110   663       20516  


LINKER GENERATED COPY TABLES

__TI_cinit_table @ 00000ad0 records: 2, size/record: 8, table size: 16
	.bss: load addr=00000ac0, load size=00000008 bytes, run addr=20000000, run size=00004e20 bytes, compression=zero_init
	.data: load addr=00000ac8, load size=00000007 bytes, run addr=20005020, run size=00000004 bytes, compression=lzss


LINKER GENERATED HANDLER TABLE

__TI_handler_table @ 00000ab0 records: 3, size/record: 4, table size: 12
	index: 0, handler: __TI_decompress_lzss
	index: 1, handler: __TI_decompress_none
	index: 2, handler: __TI_zero_init


GLOBAL SYMBOLS: SORTED ALPHABETICALLY BY Name 

address   name                          
-------   ----                          
00000aa9  C$$EXIT                       
00000a99  ResetISR                      
20005020  __STACK_END                   
00000200  __STACK_SIZE                  
20005020  __STACK_TOP                   
00000ad0  __TI_CINIT_Base               
00000ae0  __TI_CINIT_Limit              
00000ab0  __TI_Handler_Table_Base       
00000abc  __TI_Handler_Table_Limit      
0000099d  __TI_auto_init_nobinit_nopinit
00000935  __TI_decompress_lzss          
00000a7f  __TI_decompress_none          
ffffffff  __TI_pprof_out_hndl           
ffffffff  __TI_prof_data_size           
ffffffff  __TI_prof_data_start          
00000000  __TI_static_base__            
00000a8d  __TI_zero_init                
000008c7  __aeabi_d2f                   
00000277  __aeabi_dadd                  
0000055d  __aeabi_dmul                  
0000026d  __aeabi_dsub                  
00000a19  __aeabi_f2d                   
00000a51  __aeabi_i2d                   
0000084d  __aeabi_memclr                
0000084d  __aeabi_memclr4               
0000084d  __aeabi_memclr8               
000007b1  __aeabi_memcpy                
000007b1  __aeabi_memcpy4               
000007b1  __aeabi_memcpy8               
0000084f  __aeabi_memset                
0000084f  __aeabi_memset4               
0000084f  __aeabi_memset8               
ffffffff  __binit__                     
ffffffff  __c_args__                    
UNDEFED   __mpu_init                    
20004e20  __stack                       
000009e1  _c_int00_noargs               
UNDEFED   _system_post_cinit            
00000aa5  _system_pre_init              
00000aa9  abort                         
ffffffff  binit                         
00000659  cosf                          
20000000  gSeriesData                   
00000000  g_pfnVectors                  
20005020  i32DataCount                  
00000425  main                          
000007b1  memcpy                        
00000855  memset                        
0000070d  sinf                          


GLOBAL SYMBOLS: SORTED BY Symbol Address 

address   name                          
-------   ----                          
00000000  __TI_static_base__            
00000000  g_pfnVectors                  
00000200  __STACK_SIZE                  
0000026d  __aeabi_dsub                  
00000277  __aeabi_dadd                  
00000425  main                          
0000055d  __aeabi_dmul                  
00000659  cosf                          
0000070d  sinf                          
000007b1  __aeabi_memcpy                
000007b1  __aeabi_memcpy4               
000007b1  __aeabi_memcpy8               
000007b1  memcpy                        
0000084d  __aeabi_memclr                
0000084d  __aeabi_memclr4               
0000084d  __aeabi_memclr8               
0000084f  __aeabi_memset                
0000084f  __aeabi_memset4               
0000084f  __aeabi_memset8               
00000855  memset                        
000008c7  __aeabi_d2f                   
00000935  __TI_decompress_lzss          
0000099d  __TI_auto_init_nobinit_nopinit
000009e1  _c_int00_noargs               
00000a19  __aeabi_f2d                   
00000a51  __aeabi_i2d                   
00000a7f  __TI_decompress_none          
00000a8d  __TI_zero_init                
00000a99  ResetISR                      
00000aa5  _system_pre_init              
00000aa9  C$$EXIT                       
00000aa9  abort                         
00000ab0  __TI_Handler_Table_Base       
00000abc  __TI_Handler_Table_Limit      
00000ad0  __TI_CINIT_Base               
00000ae0  __TI_CINIT_Limit              
20000000  gSeriesData                   
20004e20  __stack                       
20005020  __STACK_END                   
20005020  __STACK_TOP                   
20005020  i32DataCount                  
ffffffff  __TI_pprof_out_hndl           
ffffffff  __TI_prof_data_size           
ffffffff  __TI_prof_data_start          
ffffffff  __binit__                     
ffffffff  __c_args__                    
ffffffff  binit                         
UNDEFED   __mpu_init                    
UNDEFED   _system_post_cinit            

[49 symbols]
